<?xml version="1.0" encoding="UTF-8"?>
<TestRun id="1dd7dcf1-8905-481d-a8a3-1f81e5119cf0" name="ChetanBadhe@CHETANBADHE-PC 2014-09-16 22:16:09" runUser="ChetanBadhe-PC\ChetanBadhe" xmlns="http://microsoft.com/schemas/VisualStudio/TeamTest/2010">
  <TestSettings name="Local" id="15fb7c02-8048-47b3-ab4d-8203306c1aa3">
    <Description>These are default test settings for a local test run.</Description>
    <Deployment enabled="false" runDeploymentRoot="ChetanBadhe_CHETANBADHE-PC 2014-09-16 22_16_09">
      <DeploymentItem filename="C:\Users\ChetanBadhe.ChetanBadhe-PC\Desktop\KTLDemo\KTLDemo\bin\KTLDemo.dll" />
    </Deployment>
    <Execution>
      <TestTypeSpecific />
      <AgentRule name="Execution Agents">
      </AgentRule>
    </Execution>
  </TestSettings>
  <Times creation="2014-09-16T22:16:09.4529542-07:00" queuing="2014-09-16T22:16:11.0930480-07:00" start="2014-09-16T22:16:11.1980540-07:00" finish="2014-09-16T22:16:22.7567151-07:00" />
  <ResultSummary outcome="Failed">
    <Counters total="1" executed="1" error="0" failed="1" timeout="0" aborted="0" inconclusive="0" passedButRunAborted="0" notRunnable="0" notExecuted="0" disconnected="0" warning="0" passed="0" completed="0" inProgress="0" pending="0" />
  </ResultSummary>
  <TestDefinitions>
    <UnitTest name="TestMethod1" storage="c:\users\chetanbadhe.chetanbadhe-pc\desktop\ktldemo\testproject1\bin\debug\testproject1.dll" id="c906b79e-29e5-7017-de32-17653d58877b">
      <Execution id="a9b0b8be-13b8-4b0d-b46f-524c84d42e9b" />
      <TestMethod codeBase="C:/Users/ChetanBadhe.ChetanBadhe-PC/Desktop/KTLDemo/TestProject1/bin/Debug/TestProject1.DLL" adapterTypeName="Microsoft.VisualStudio.TestTools.TestTypes.Unit.UnitTestAdapter, Microsoft.VisualStudio.QualityTools.Tips.UnitTest.Adapter, Version=10.0.0.0, Culture=neutral, PublicKeyToken=b03f5f7f11d50a3a" className="TestProject1._DefaultTest, TestProject1, Version=1.0.0.0, Culture=neutral, PublicKeyToken=null" name="TestMethod1" />
    </UnitTest>
  </TestDefinitions>
  <TestLists>
    <TestList name="Results Not in a List" id="8c84fa94-04c1-424b-9868-57a2d4851a1d" />
    <TestList name="All Loaded Results" id="19431567-8539-422a-85d7-44ee4e166bda" />
  </TestLists>
  <TestEntries>
    <TestEntry testId="c906b79e-29e5-7017-de32-17653d58877b" executionId="a9b0b8be-13b8-4b0d-b46f-524c84d42e9b" testListId="8c84fa94-04c1-424b-9868-57a2d4851a1d" />
  </TestEntries>
  <Results>
    <UnitTestResult executionId="a9b0b8be-13b8-4b0d-b46f-524c84d42e9b" testId="c906b79e-29e5-7017-de32-17653d58877b" testName="TestMethod1" computerName="CHETANBADHE-PC" duration="00:00:09.7601976" startTime="2014-09-16T22:16:11.2920594-07:00" endTime="2014-09-16T22:16:22.4516977-07:00" testType="13cdc9d9-ddb5-4fa4-a97d-d965ccfc6d4b" outcome="Failed" testListId="8c84fa94-04c1-424b-9868-57a2d4851a1d" relativeResultsDirectory="a9b0b8be-13b8-4b0d-b46f-524c84d42e9b">
      <Output>
        <ErrorInfo>
          <Message>Test method TestProject1._DefaultTest.TestMethod1 threw exception: 
System.NullReferenceException: Object reference not set to an instance of an object.</Message>
          <StackTrace>    at KTLDemo.Model.DCOrdersDataContext..ctor() in C:\Users\ChetanBadhe.ChetanBadhe-PC\Desktop\KTLDemo\KTLDemo\Model\DCOrders.designer.cs:line 47
   at KTLDemo._Default..ctor() in C:\Users\ChetanBadhe.ChetanBadhe-PC\Desktop\KTLDemo\KTLDemo\Default.aspx.cs:line 13
   at TestProject1._DefaultTest.TestMethod1() in C:\Users\ChetanBadhe.ChetanBadhe-PC\Desktop\KTLDemo\TestProject1\_DefaultTest.cs:line 68
</StackTrace>
        </ErrorInfo>
      </Output>
    </UnitTestResult>
  </Results>
</TestRun>